---
source: tests/golden_tests.rs
input_file: tests/golden_tests/compile_file_o_all/spacing2.hvm
---
@main = (a a)
