---
source: tests/golden_tests.rs
input_file: tests/golden_tests/compile_file/snd.hvm
---
@4 = ([* a] a)
@main = a
& @4 ~ ([#0 #42] a)

