---
source: tests/golden_tests.rs
input_file: tests/golden_tests/compile_file_o_all/tagged_lam.hvm
---
@main = [#3 #4]
