---
source: tests/golden_tests.rs
input_file: tests/golden_tests/compile_file/fst.hvm
---
@Fst$R0 = ([a *] a)
@main = a
& @Fst$R0 ~ ([#4 #8] a)

