---
source: tests/golden_tests.rs
input_file: tests/golden_tests/compile_file/list_reverse.hvm
---
@concat$Pcons = {4 a {6 {2 @concat$Pcons {2 @concat$R1 (b c)}} (b {2 {4 a {6 c d}} {2 * d}})}}
@concat$R1 = (a a)
@cons = (a (b {2 {4 a {6 b c}} {2 * c}}))
@main = a
& @reverse ~ (b a)
& @cons ~ (#3 (c b))
& @cons ~ (#2 (d c))
& @cons ~ (#1 (@nil d))
@nil = {2 * {2 a a}}
@reverse = ({2 @reverse$Pcons {2 @nil a}} a)
@reverse$Pcons = {4 a {6 {2 @reverse$Pcons {2 @nil {2 @concat$Pcons {2 @concat$R1 ({2 {4 a {6 @nil b}} {2 * b}} c)}}}} c}}

