---
source: tests/golden_tests.rs
input_file: tests/golden_tests/compile_file/match_mult_linearization.hvm
---
@main = @main$match$1
@main$match$1 = (?<(@main$match$1$R0 @main$match$1$R1) a> a)
@main$match$1$R0 = (<+ a <+ b c>> (a (b c)))
@main$match$1$R1 = (<+ a <+ b <+ c d>>> (a (b (c d))))

