---
source: tests/golden_tests.rs
input_file: tests/golden_tests/compile_file_o_all/merge_definitions.hvm
---
@a = (a (* a))
@b = (* (a a))
@main = (* a)
& @a ~ (@a (b a))
& @b ~ (@b (* b))
