---
source: tests/golden_tests.rs
input_file: tests/golden_tests/compile_file/match_tup.hvm
---
@Sum$R0 = ([<+ a b> a] b)
@main = a
& @Sum$R0 ~ ([#7 #3] a)

