---
source: tests/golden_tests.rs
input_file: tests/golden_tests/compile_file_o_all/str.hvm
---
@String.con = (a (b {2 {2 a {2 b c}} {2 * c}}))
@String.nil = {2 * {2 a a}}
@main = a
& @String.con ~ (#109 (b a))
& @String.con ~ (#97 (c b))
& @String.con ~ (#105 (d c))
& @String.con ~ (#110 (e d))
& @String.con ~ (#32 (f e))
& @String.con ~ (#61 (@String.nil f))
