---
source: tests/golden_tests.rs
input_file: tests/golden_tests/compile_file/unscoped_supercombinator.hvm
---
@Foo = ((@b (@a a)) a)
@a = (a ((a b) b))
@b = (a ((a b) b))
@main = a
& @Foo ~ (* a)
