---
source: tests/golden_tests.rs
input_file: tests/golden_tests/compile_term/op2.hvm
---
a
& #1 ~ <&& #2 <|| #3 <> #4 << #5 <<= #6 <>= #7 <<< #8 <>> #9 </ #10 <* #11 <- #12 <+ #13 a>>>>>>>>>>>>
