---
source: tests/golden_tests.rs
input_file: tests/golden_tests/compile_file_o0/ref_to_ref.hvm
---
@A1 = @A2
@A2 = #1
@B1 = @B2
@B2 = @B3
@B3 = @B4
@B4 = @B5
@B5 = #2
@C1 = @B4
@SCons = (a (b {2 {6 a {4 b c}} {2 * c}}))
@SNil = {2 * {2 a a}}
@main = [[@A1 @B1] @C1]

