---
source: tests/golden_tests.rs
input_file: tests/golden_tests/compile_file/and.hvm
---
@and$P = (a ({2 @and$R1 {2 @and$R0 (a b)}} b))
@and$R0 = (* @false)
@and$R1 = (a a)
@false = {2 * {2 a a}}
@main = a
& @and$P ~ (@true (@false a))
@true = {2 a {2 * a}}

