---
source: tests/golden_tests.rs
input_file: tests/golden_tests/encode_pattern_match/box.hvm
---
(unbox) = λx #box (x unbox$Pnew)

(new) = λval #box λnew #box.new.val (new val)

(unbox$R0) = λval val

(unbox$R1) = λx x

(unbox$Pnew) = #box.new.val λy0 (unbox$R0 y0)
