---
source: tests/golden_tests.rs
input_file: tests/golden_tests/encode_pattern_match/is_some_some.hvm
---
(None) = #Option λSome #Option λNone None

(SCons) = λhead λtail #String λSCons #String λSNil #String.SCons.tail (#String.SCons.head (SCons head) tail)

(SNil) = #String λSCons #String λSNil SNil

(Some) = λx #Option λSome #Option λNone #Option.Some.x (Some x)

(main) = (some_some (Some 1))

(some_some) = λx #Option (x some_some$PSome some_some$PNone)

(some_some$F0) = λx #Option (x some_some$F0$PSome some_some$F0$PNone)

(some_some$F0$PNone) = (some_some$F0$R1 *)

(some_some$F0$PSome) = #Option.Some.x λy0 (some_some$F0$R0 *)

(some_some$F0$R0) = λx 1

(some_some$F0$R1) = λ* 0

(some_some$PNone) = (some_some$R1 *)

(some_some$PSome) = #Option.Some.x λy0 (some_some$R0 y0)

(some_some$R0) = λx$0 (some_some$F0 x$0)

(some_some$R1) = λ* 0
