---
source: tests/golden_tests.rs
input_file: tests/golden_tests/encode_pattern_match/weekday.hvm
---
(Friday) = #Weekday λMonday #Weekday λTuesday #Weekday λWednesday #Weekday λThursday #Weekday λFriday #Weekday λSaturday #Weekday λSunday Friday

(Monday) = #Weekday λMonday #Weekday λTuesday #Weekday λWednesday #Weekday λThursday #Weekday λFriday #Weekday λSaturday #Weekday λSunday Monday

(SCons) = λhead λtail #String λSCons #String λSNil #String.SCons.tail (#String.SCons.head (SCons head) tail)

(SNil) = #String λSCons #String λSNil SNil

(Saturday) = #Weekday λMonday #Weekday λTuesday #Weekday λWednesday #Weekday λThursday #Weekday λFriday #Weekday λSaturday #Weekday λSunday Saturday

(Sunday) = #Weekday λMonday #Weekday λTuesday #Weekday λWednesday #Weekday λThursday #Weekday λFriday #Weekday λSaturday #Weekday λSunday Sunday

(Thursday) = #Weekday λMonday #Weekday λTuesday #Weekday λWednesday #Weekday λThursday #Weekday λFriday #Weekday λSaturday #Weekday λSunday Thursday

(Tuesday) = #Weekday λMonday #Weekday λTuesday #Weekday λWednesday #Weekday λThursday #Weekday λFriday #Weekday λSaturday #Weekday λSunday Tuesday

(Wednesday) = #Weekday λMonday #Weekday λTuesday #Weekday λWednesday #Weekday λThursday #Weekday λFriday #Weekday λSaturday #Weekday λSunday Wednesday

(main) = (λx x Saturday)
