---
source: tests/golden_tests.rs
input_file: tests/golden_tests/flatten_rules/bits_dec.hvm
---
(Data.Bits.dec (Data.Bits.e)) = Data.Bits.e
(Data.Bits.dec (Data.Bits.o x$0)) = (Data.Bits.dec$F0 x$0)
(Data.Bits.dec (Data.Bits.i x$0)) = (Data.Bits.dec$F1 x$0)

(Data.Bits.dec$F0 (Data.Bits.e)) = Data.Bits.e
(Data.Bits.dec$F0 (Data.Bits.o b.pred)) = (Data.Bits.i (Data.Bits.dec b.pred))
(Data.Bits.dec$F0 (Data.Bits.i b.pred)) = (Data.Bits.i (Data.Bits.dec b.pred))

(Data.Bits.dec$F1 (Data.Bits.e)) = (Data.Bits.o Data.Bits.e)
(Data.Bits.dec$F1 (Data.Bits.o b.pred)) = (Data.Bits.o b.pred)
(Data.Bits.dec$F1 (Data.Bits.i b.pred)) = (Data.Bits.o b.pred)

(Data.Bits.e) = λ#Data.Bits Data.Bits.e λ#Data.Bits Data.Bits.o λ#Data.Bits Data.Bits.i Data.Bits.e

(Data.Bits.i) = λt λ#Data.Bits Data.Bits.e λ#Data.Bits Data.Bits.o λ#Data.Bits Data.Bits.i (#Data.Bits.Data.Bits.i.t Data.Bits.i t)

(Data.Bits.o) = λt λ#Data.Bits Data.Bits.e λ#Data.Bits Data.Bits.o λ#Data.Bits Data.Bits.i (#Data.Bits.Data.Bits.o.t Data.Bits.o t)
