---
source: tests/golden_tests.rs
input_file: tests/golden_tests/run_file/match.hvm
---
λ* λa a
