---
source: tests/golden_tests.rs
input_file: tests/golden_tests/run_single_files/readback_hvm1_main.hvm
---
λ* λ* main
