---
source: tests/golden_tests.rs
input_file: tests/golden_tests/run_file/str_len.hvm
---
4
