---
source: tests/golden_tests.rs
input_file: tests/golden_tests/run_file/adt_match.hvm
---
(Some 2)
