---
source: tests/golden_tests.rs
input_file: tests/golden_tests/run_file/readback_hvm1_main.hvm
---
Î»* Main
