---
source: tests/golden_tests.rs
input_file: tests/golden_tests/run_file/match_mult_linearization.hvm
---
λa match a { 0: λb λc λd (+ (+ b c) d); +a-1: λf λg λh (+ (+ (+ a-1 f) g) h) }
