---
source: tests/golden_tests.rs
input_file: tests/golden_tests/run_file/merge_sort.hvm
---
120
