---
source: tests/golden_tests.rs
input_file: tests/golden_tests/run_file/num_pred.hvm
---
42
